[foo, 0, 1] -> [foo, -1, 0]
[bar, 1, 1] -> [bar, 0, 0]